// Jest Snapshot v1, https://goo.gl/fbAQLP

exports[`App snapshot test 1`] = `
<div>
  <header
    className="Toolbar"
  >
    <nav
      className="Main_Menu"
    >
      <ul>
        <a
          className="Home"
          href="/"
          onClick={[Function]}
        >
          Home
        </a>
        <div
          className="dropdown"
        >
          <li
            className="dropbtn"
          >
            Clothes
          </li>
          <div
            className="dropdowncontent"
          >
            <li
              className="dropdowncontentItem"
            >
              <a
                aria-current={null}
                className="NavLink"
                href="/All"
                onClick={[Function]}
              >
                All
              </a>
            </li>
            <li
              className="dropdowncontentItem"
            >
              <a
                aria-current={null}
                className="NavLink"
                href="/Top"
                onClick={[Function]}
              >
                Top
              </a>
            </li>
            <li
              className="dropdowncontentItem"
            >
              <a
                aria-current={null}
                className="NavLink"
                href="/Bottom"
                onClick={[Function]}
              >
                Bottom
              </a>
            </li>
            <li
              className="dropdowncontentItem"
            >
              <a
                aria-current={null}
                className="NavLink"
                href="/Jumpsuit"
                onClick={[Function]}
              >
                Jumpsuit
              </a>
            </li>
            <li
              className="dropdowncontentItem"
            >
              <a
                aria-current={null}
                className="NavLink"
                href="/Dress"
                onClick={[Function]}
              >
                Dress
              </a>
            </li>
          </div>
        </div>
      </ul>
    </nav>
    <a
      className="Basket"
      href="/Basket"
      onClick={[Function]}
    >
      <svg
        className="bi bi-bag"
        fill="currentColor"
        height="1em"
        viewBox="0 0 16 16"
        width="1em"
        xmlns="http://www.w3.org/2000/svg"
      >
        <path
          d="M14 5H2v9a1 1 0 0 0 1 1h10a1 1 0 0 0 1-1V5zM1 4v10a2 2 0 0 0 2 2h10a2 2 0 0 0 2-2V4H1z"
          fillRule="evenodd"
        />
        <path
          d="M8 1.5A2.5 2.5 0 0 0 5.5 4h-1a3.5 3.5 0 1 1 7 0h-1A2.5 2.5 0 0 0 8 1.5z"
        />
      </svg>
    </a>
  </header>
  <main>
    <h1>
      Home
    </h1>
  </main>
</div>
`;
